// Jest Snapshot v1, https://goo.gl/fbAQLP

exports[`App renders correctly 1`] = `
Array [
  <div
    id="webDevNotice"
  >
    <i
      className="fas fa-exclamation-circle"
    />
    <div>
      <h2>
        Slowly but surely
      </h2>
      <p>
        I'm currently developing this website, more coming soon!
      </p>
    </div>
  </div>,
  <div
    id="languageSelector"
  >
    <i
      className="fas fa-language inactive"
      data-testid="toggle-show-languages"
      onClick={[Function]}
    />
  </div>,
  <header
    id="header"
  >
    <div>
      <img
        alt="Personal website logo"
        src="test-file-stub"
      />
      <h1
        id="name"
      >
        Kevin Caro Silva
      </h1>
      <h2
        id="profession"
      >
        Software developer
      </h2>
    </div>
    <div
      id="externalLinks"
    >
      <a
        href="https://github.com/kev-cs"
      >
        <i
          className="fab fa-github"
        />
      </a>
      <a
        href="https://www.linkedin.com/in/kevin-caro-silva-36670a136/"
      >
        <i
          className="fab fa-linkedin"
        />
      </a>
      <a
        href="mailto:admin@kevincs.me"
      >
        <i
          className="fas fa-envelope"
        />
      </a>
    </div>
  </header>,
  <div
    id="home"
  >
    <header
      id="greeting"
    >
      Hi, I'm a software developer based in Montreal, QC.
      <hr
        id="greetingHr"
      />
    </header>
    <p>
      In a few words : Java, Agile, web development, automation, and simplicity.
       
      I'm also a fan of clean coding, Linux, cloud development, CI/CD, TDD, and too much more to enumerate. I enjoy exploring solutions for software design and architecture.
       
    </p>
    <p>
      Currently doing Java development at Desjardins Group.
    </p>
  </div>,
  <footer
    id="footer"
  >
    <span>
      Â© 2019 Kevin Caro Silva
    </span>
  </footer>,
]
`;
